15:34:22 **** Auto Build of configuration Debug for project tsr ****
make pre-build main-build 
a9-linaro-pre-build-step
 
Building file: ../src/main.cc
Invoking: ARM v7 g++ compiler
arm-none-eabi-g++ -Wall -O0 -g3 -c -fmessage-length=0 -MT"src/main.o" -mcpu=cortex-a9 -mfpu=vfpv3 -mfloat-abi=hard -I../../tsr_bsp/ps7_cortexa9_0/include -MMD -MP -MF"src/main.d" -MT"src/main.o" -o "src/main.o" "../src/main.cc"
Finished building: ../src/main.cc
 
Building target: tsr.elf
Invoking: ARM v7 g++ linker
arm-none-eabi-g++ -mcpu=cortex-a9 -mfpu=vfpv3 -mfloat-abi=hard -Wl,-build-id=none -specs=Xilinx.spec -Wl,-T -Wl,../src/lscript.ld -L../../tsr_bsp/ps7_cortexa9_0/lib -o "tsr.elf"  ./src/main.o   -Wl,--start-group,-lxil,-lgcc,-lc,-lstdc++,--end-group
Finished building target: tsr.elf
 
Invoking: ARM v7 Print Size
arm-none-eabi-size tsr.elf  |tee "tsr.elf.size"
   text	   data	    bss	    dec	    hex	filename
  33848	   2184	  22632	  58664	   e528	tsr.elf
Finished building: tsr.elf.size
 

15:34:22 Build Finished (took 209ms)

